[17:44:58.103] -> C2S set_protocol
[17:44:58.290] -> C2S login_start
[17:45:00.219] -> C2S login_acknowledged
[17:45:00.422] -> C2S settings
[17:45:00.493] -> C2S select_known_packs
[17:45:00.826] -> C2S resource_pack_receive
[17:45:00.826] -> C2S resource_pack_receive
[17:45:01.093] -> C2S finish_configuration
[17:45:01.366] -> C2S custom_payload
[17:45:01.370] -> C2S settings
[17:45:01.373] -> C2S pong
[17:45:01.374] -> C2S held_item_slot
[17:45:01.384] -> C2S pong
[17:45:01.385] -> C2S teleport_confirm
[17:45:01.386] -> C2S position_look
[17:45:01.388] -> C2S pong
[17:45:01.396] -> C2S pong
[17:45:01.480] -> C2S pong
[17:45:01.536] -> C2S pong
[17:45:01.537] -> C2S pong
[17:45:01.538] -> C2S pong
[17:45:01.539] -> C2S pong
[17:45:01.553] -> C2S pong
[17:45:01.558] -> C2S pong
[17:45:01.561] -> C2S pong
[17:45:01.561] -> C2S keep_alive
[17:45:01.566] -> C2S pong
[17:45:01.677] -> C2S pong
[17:45:01.759] -> C2S pong
[17:45:01.770] -> C2S pong
[17:45:01.784] -> C2S pong
[17:45:01.785] -> C2S pong
[17:45:01.835] -> C2S tick_end
[17:45:01.836] -> C2S position
[17:45:01.838] -> C2S tick_end
[17:45:01.838] -> C2S flying
[17:45:01.880] -> C2S tick_end
[17:45:01.928] -> C2S tick_end
[17:45:01.930] -> C2S pong
[17:45:01.946] -> C2S pong
[17:45:01.980] -> C2S tick_end
[17:45:01.981] -> C2S pong
[17:45:02.032] -> C2S tick_end
[17:45:02.082] -> C2S tick_end
[17:45:02.132] -> C2S tick_end
[17:45:02.168] -> C2S pong
[17:45:02.170] -> C2S pong
[17:45:02.185] -> C2S tick_end
[17:45:02.235] -> C2S tick_end
[17:45:02.284] -> C2S tick_end
[17:45:02.288] -> C2S pong
[17:45:02.334] -> C2S tick_end
[17:45:02.386] -> C2S tick_end
[17:45:02.415] -> C2S pong
[17:45:02.436] -> C2S tick_end
[17:45:02.474] -> C2S pong
[17:45:02.487] -> C2S tick_end
[17:45:02.499] -> C2S pong
[17:45:02.532] -> C2S pong
[17:45:02.534] -> C2S keep_alive
[17:45:02.538] -> C2S tick_end
[17:45:02.577] -> C2S pong
[17:45:02.588] -> C2S tick_end
[17:45:02.601] -> C2S pong
[17:45:02.638] -> C2S tick_end
[17:45:02.646] -> C2S pong
[17:45:02.690] -> C2S tick_end
[17:45:02.694] -> C2S pong
[17:45:02.732] -> C2S pong
[17:45:02.742] -> C2S tick_end
[17:45:02.776] -> C2S pong
[17:45:02.792] -> C2S tick_end
[17:45:02.821] -> C2S pong
[17:45:02.843] -> C2S tick_end
[17:45:02.843] -> C2S position
[17:45:02.866] -> C2S pong
[17:45:02.893] -> C2S tick_end
[17:45:02.928] -> C2S pong
[17:45:02.945] -> C2S tick_end
[17:45:02.986] -> C2S pong
[17:45:02.996] -> C2S tick_end
[17:45:03.032] -> C2S pong
[17:45:03.046] -> C2S tick_end
[17:45:03.061] -> C2S chat_command
[17:45:03.074] -> C2S pong
[17:45:03.097] -> C2S tick_end
[17:45:03.120] -> C2S pong
[17:45:03.147] -> C2S tick_end
[17:45:03.160] -> C2S pong
[17:45:03.199] -> C2S tick_end
[17:45:03.217] -> C2S pong
[17:45:03.249] -> C2S tick_end
[17:45:03.265] -> C2S pong
[17:45:03.287] -> C2S pong
[17:45:03.300] -> C2S tick_end
[17:45:03.350] -> C2S tick_end
[17:45:03.400] -> C2S tick_end
[17:45:03.451] -> C2S tick_end
[17:45:03.502] -> C2S tick_end
[17:45:03.512] -> C2S pong
[17:45:03.512] -> C2S pong
[17:45:03.517] -> C2S pong
[17:45:03.527] -> C2S pong
[17:45:03.528] -> C2S pong
[17:45:03.528] -> C2S keep_alive
[17:45:03.553] -> C2S tick_end
[17:45:03.581] -> C2S pong
[17:45:03.604] -> C2S tick_end
[17:45:03.636] -> C2S pong
[17:45:03.654] -> C2S tick_end
[17:45:03.674] -> C2S pong
[17:45:03.705] -> C2S tick_end
[17:45:03.720] -> C2S pong
[17:45:03.755] -> C2S tick_end
[17:45:03.804] -> C2S pong
[17:45:03.807] -> C2S tick_end
[17:45:03.857] -> C2S tick_end
[17:45:03.858] -> C2S position
[17:45:03.860] -> C2S pong
[17:45:03.895] -> C2S pong
[17:45:03.908] -> C2S tick_end
[17:45:03.959] -> C2S tick_end
[17:45:03.967] -> C2S pong
[17:45:04.005] -> C2S pong
[17:45:04.010] -> C2S tick_end
[17:45:04.056] -> C2S pong
[17:45:04.060] -> C2S tick_end
[17:45:04.108] -> C2S pong
[17:45:04.109] -> C2S tick_end
[17:45:04.161] -> C2S tick_end
[17:45:04.162] -> C2S pong
[17:45:04.210] -> C2S tick_end
[17:45:04.215] -> C2S pong
[17:45:04.258] -> C2S pong
[17:45:04.260] -> C2S tick_end
[17:45:04.297] -> C2S pong
[17:45:04.311] -> C2S tick_end
[17:45:04.348] -> C2S pong
[17:45:04.361] -> C2S tick_end
[17:45:04.411] -> C2S tick_end
[17:45:04.462] -> C2S tick_end
[17:45:04.498] -> C2S pong
[17:45:04.509] -> C2S pong
[17:45:04.511] -> C2S tick_end
[17:45:04.539] -> C2S pong
[17:45:04.540] -> C2S keep_alive
[17:45:04.560] -> C2S player_loaded
[17:45:04.562] -> C2S tick_end
[17:45:04.601] -> C2S pong
[17:45:04.612] -> C2S tick_end
[17:45:04.662] -> C2S tick_end
[17:45:04.698] -> C2S pong
[17:45:04.712] -> C2S tick_end
[17:45:04.760] -> C2S pong
[17:45:04.762] -> C2S tick_end
[17:45:04.815] -> C2S tick_end
[17:45:04.816] -> C2S pong
[17:45:04.865] -> C2S tick_end
[17:45:04.866] -> C2S position
[17:45:04.869] -> C2S pong
[17:45:04.916] -> C2S tick_end
[17:45:04.933] -> C2S pong
[17:45:04.967] -> C2S tick_end
[17:45:04.969] -> C2S tick_end
[17:45:05.001] -> C2S pong
[17:45:05.018] -> C2S tick_end
[17:45:05.069] -> C2S tick_end
[17:45:05.111] -> C2S pong
[17:45:05.120] -> C2S tick_end
[17:45:05.168] -> C2S pong
[17:45:05.171] -> C2S tick_end
[17:45:05.224] -> C2S tick_end
[17:45:05.224] -> C2S pong
[17:45:05.276] -> C2S tick_end
[17:45:05.294] -> C2S pong
[17:45:05.325] -> C2S tick_end
[17:45:05.366] -> C2S pong
[17:45:05.376] -> C2S tick_end
[17:45:05.426] -> C2S tick_end
[17:45:05.476] -> C2S tick_end
[17:45:05.506] -> C2S pong
[17:45:05.524] -> C2S pong
[17:45:05.524] -> C2S pong
[17:45:05.527] -> C2S tick_end
[17:45:05.578] -> C2S tick_end
[17:45:05.580] -> C2S pong
[17:45:05.580] -> C2S keep_alive
[17:45:05.626] -> C2S pong
[17:45:05.628] -> C2S tick_end
[17:45:05.678] -> C2S tick_end
[17:45:05.728] -> C2S tick_end
[17:45:05.755] -> C2S pong
[17:45:05.780] -> C2S tick_end
[17:45:05.830] -> C2S tick_end
[17:45:05.850] -> C2S pong
[17:45:05.880] -> C2S tick_end
[17:45:05.881] -> C2S position
[17:45:05.911] -> C2S pong
[17:45:05.930] -> C2S tick_end
[17:45:05.964] -> C2S pong
[17:45:05.980] -> C2S tick_end
[17:45:06.032] -> C2S tick_end
[17:45:06.042] -> C2S pong
[17:45:06.083] -> C2S tick_end
[17:45:06.134] -> C2S tick_end
[17:45:06.136] -> C2S pong
[17:45:06.136] -> C2S pong
[17:45:06.184] -> C2S tick_end
[17:45:06.198] -> C2S pong
[17:45:06.234] -> C2S tick_end
[17:45:06.250] -> C2S pong
[17:45:06.286] -> C2S tick_end
[17:45:06.302] -> C2S pong
[17:45:06.331] -> C2S pong
[17:45:06.338] -> C2S tick_end
[17:45:06.389] -> C2S tick_end
[17:45:06.432] -> C2S pong
[17:45:06.440] -> C2S tick_end
[17:45:06.491] -> C2S tick_end
[17:45:06.493] -> C2S pong
[17:45:06.542] -> C2S tick_end
[17:45:06.571] -> C2S pong
[17:45:06.593] -> C2S tick_end
[17:45:06.632] -> C2S pong
[17:45:06.633] -> C2S pong
[17:45:06.634] -> C2S keep_alive
[17:45:06.643] -> C2S tick_end
[17:45:06.693] -> C2S tick_end
[17:45:06.694] -> C2S pong
[17:45:06.743] -> C2S tick_end
[17:45:06.794] -> C2S tick_end
[17:45:06.795] -> C2S pong
[17:45:06.843] -> C2S tick_end
[17:45:06.855] -> C2S pong
[17:45:06.894] -> C2S tick_end
[17:45:06.894] -> C2S position
[17:45:06.923] -> C2S pong
[17:45:06.945] -> C2S tick_end
[17:45:06.968] -> C2S pong
[17:45:06.997] -> C2S tick_end
[17:45:07.019] -> C2S pong
[17:45:07.047] -> C2S tick_end
[17:45:07.081] -> C2S pong
[17:45:07.097] -> C2S tick_end
[17:45:07.147] -> C2S tick_end
[17:45:07.159] -> C2S pong
[17:45:07.198] -> C2S tick_end
[17:45:07.205] -> C2S pong
[17:45:07.248] -> C2S tick_end
[17:45:07.261] -> C2S pong
[17:45:07.297] -> C2S tick_end
[17:45:07.339] -> C2S pong
[17:45:07.349] -> C2S tick_end
[17:45:07.395] -> C2S pong
[17:45:07.399] -> C2S tick_end
[17:45:07.447] -> C2S pong
[17:45:07.448] -> C2S tick_end
[17:45:07.499] -> C2S tick_end
[17:45:07.549] -> C2S tick_end
[17:45:07.582] -> C2S pong
[17:45:07.599] -> C2S tick_end
[17:45:07.606] -> C2S pong
[17:45:07.650] -> C2S tick_end
[17:45:07.655] -> C2S pong
[17:45:07.656] -> C2S keep_alive
[17:45:07.701] -> C2S tick_end
[17:45:07.718] -> C2S pong
[17:45:07.753] -> C2S tick_end
[17:45:07.763] -> C2S pong
[17:45:07.804] -> C2S tick_end
[17:45:07.828] -> C2S pong
[17:45:07.854] -> C2S tick_end
[17:45:07.879] -> C2S pong
[17:45:07.904] -> C2S tick_end
[17:45:07.904] -> C2S position
[17:45:07.943] -> C2S pong
[17:45:07.954] -> C2S tick_end
[17:45:07.998] -> C2S pong
[17:45:08.004] -> C2S tick_end
[17:45:08.038] -> C2S pong
[17:45:08.054] -> C2S tick_end
[17:45:08.093] -> C2S pong
[17:45:08.105] -> C2S tick_end
[17:45:08.130] -> C2S pong
[17:45:08.155] -> C2S tick_end
[17:45:08.176] -> C2S pong
[17:45:08.206] -> C2S tick_end
[17:45:08.226] -> C2S pong
[17:45:08.256] -> C2S tick_end
[17:45:08.278] -> C2S pong
[17:45:08.306] -> C2S tick_end
[17:45:08.319] -> C2S pong
[17:45:08.357] -> C2S tick_end
[17:45:08.408] -> C2S tick_end
[17:45:08.414] -> C2S pong
[17:45:08.425] -> C2S pong
[17:45:08.458] -> C2S tick_end
[17:45:08.487] -> C2S pong
[17:45:08.509] -> C2S tick_end
[17:45:08.544] -> C2S pong
[17:45:08.559] -> C2S tick_end
[17:45:08.596] -> C2S pong
[17:45:08.612] -> C2S tick_end
[17:45:08.642] -> C2S pong
[17:45:08.662] -> C2S tick_end
[17:45:08.683] -> C2S pong
[17:45:08.684] -> C2S keep_alive
[17:45:08.713] -> C2S tick_end
[17:45:08.730] -> C2S pong
[17:45:08.763] -> C2S tick_end
[17:45:08.813] -> C2S tick_end
[17:45:08.819] -> C2S pong
[17:45:08.864] -> C2S tick_end
[17:45:08.880] -> C2S pong
[17:45:08.910] -> C2S pong
[17:45:08.914] -> C2S tick_end
[17:45:08.914] -> C2S position
[17:45:08.959] -> C2S pong
[17:45:08.966] -> C2S tick_end
[17:45:08.967] -> C2S tick_end
[17:45:09.016] -> C2S tick_end
[17:45:09.030] -> C2S pong
[17:45:09.067] -> C2S tick_end
[17:45:09.082] -> C2S pong
[17:45:09.118] -> C2S tick_end
[17:45:09.138] -> C2S pong
[17:45:09.168] -> C2S tick_end
[17:45:09.177] -> C2S pong
[17:45:09.218] -> C2S tick_end
[17:45:09.222] -> C2S pong
[17:45:09.267] -> C2S tick_end
[17:45:09.319] -> C2S tick_end
[17:45:09.369] -> C2S tick_end
[17:45:09.388] -> C2S pong
[17:45:09.419] -> C2S tick_end
[17:45:09.469] -> C2S tick_end
[17:45:09.515] -> C2S pong
[17:45:09.519] -> C2S tick_end
[17:45:09.532] -> C2S pong
[17:45:09.570] -> C2S tick_end
[17:45:09.586] -> C2S pong
[17:45:09.622] -> C2S tick_end
[17:45:09.647] -> C2S pong
[17:45:09.672] -> C2S tick_end
[17:45:09.694] -> C2S pong
[17:45:09.694] -> C2S keep_alive
[17:45:09.723] -> C2S tick_end
[17:45:09.749] -> C2S pong
[17:45:09.773] -> C2S tick_end
[17:45:09.791] -> C2S pong
[17:45:09.823] -> C2S tick_end
[17:45:09.832] -> C2S pong
[17:45:09.876] -> C2S tick_end
[17:45:09.876] -> C2S pong
[17:45:09.925] -> C2S tick_end
[17:45:09.925] -> C2S position
[17:45:09.940] -> C2S pong
[17:45:09.960] -> C2S pong
[17:45:09.983] -> C2S tick_end
[17:45:10.006] -> C2S pong
[17:45:10.026] -> C2S tick_end
[17:45:10.049] -> C2S pong
[17:45:10.076] -> C2S tick_end
[17:45:10.102] -> C2S pong
[17:45:10.128] -> C2S tick_end
[17:45:10.177] -> C2S tick_end
[17:45:10.188] -> C2S pong
[17:45:10.232] -> C2S tick_end
[17:45:10.271] -> C2S pong
[17:45:10.282] -> C2S tick_end
[17:45:10.332] -> C2S tick_end
[17:45:10.384] -> C2S tick_end
[17:45:10.391] -> C2S pong
[17:45:10.391] -> C2S pong
[17:45:10.434] -> C2S tick_end
[17:45:10.484] -> C2S tick_end
[17:45:10.487] -> C2S pong
[17:45:10.520] -> C2S pong
[17:45:10.534] -> C2S tick_end
[17:45:10.558] -> C2S pong
[17:45:10.584] -> C2S tick_end
[17:45:10.620] -> C2S pong
[17:45:10.636] -> C2S tick_end
[17:45:10.687] -> C2S tick_end
[17:45:10.693] -> C2S pong
[17:45:10.741] -> C2S tick_end
[17:45:10.756] -> C2S pong
[17:45:10.756] -> C2S keep_alive
[17:45:10.791] -> C2S tick_end
[17:45:10.808] -> C2S pong
[17:45:10.841] -> C2S tick_end
[17:45:10.871] -> C2S pong
[17:45:10.892] -> C2S tick_end
[17:45:10.926] -> C2S pong
[17:45:10.944] -> C2S tick_end
[17:45:10.944] -> C2S position
[17:45:10.978] -> C2S pong
[17:45:10.993] -> C2S tick_end
[17:45:11.032] -> C2S pong
[17:45:11.045] -> C2S tick_end
[17:45:11.046] -> C2S pong
[17:45:11.096] -> C2S tick_end
[17:45:11.146] -> C2S tick_end
[17:45:11.156] -> C2S pong
[17:45:11.197] -> C2S tick_end
[17:45:11.231] -> C2S pong
[17:45:11.247] -> C2S tick_end
[17:45:11.278] -> C2S pong
[17:45:11.297] -> C2S tick_end
[17:45:11.330] -> C2S pong
[17:45:11.350] -> C2S tick_end
[17:45:11.381] -> C2S pong
[17:45:11.400] -> C2S tick_end
[17:45:11.450] -> C2S tick_end
[17:45:11.483] -> C2S pong
[17:45:11.500] -> C2S tick_end
[17:45:11.510] -> C2S pong
[17:45:11.551] -> C2S tick_end
[17:45:11.565] -> C2S pong
[17:45:11.601] -> C2S tick_end
[17:45:11.616] -> C2S pong
[17:45:11.651] -> C2S tick_end
[17:45:11.669] -> C2S pong
[17:45:11.702] -> C2S tick_end
[17:45:11.722] -> C2S pong
[17:45:11.753] -> C2S tick_end
[17:45:11.795] -> C2S pong
[17:45:11.796] -> C2S keep_alive
[17:45:11.804] -> C2S tick_end
[17:45:11.856] -> C2S tick_end
[17:45:11.856] -> C2S pong
[17:45:11.906] -> C2S tick_end
[17:45:11.920] -> C2S pong
[17:45:11.956] -> C2S tick_end
[17:45:11.956] -> C2S position
[17:45:11.969] -> C2S pong
[17:45:12.007] -> C2S tick_end
[17:45:12.021] -> C2S pong
[17:45:12.056] -> C2S tick_end
[17:45:12.087] -> C2S pong
[17:45:12.107] -> C2S tick_end
[17:45:12.139] -> C2S pong
[17:45:12.156] -> C2S tick_end
[17:45:12.188] -> C2S pong
[17:45:12.208] -> C2S tick_end
[17:45:12.237] -> C2S pong
[17:45:12.258] -> C2S tick_end
[17:45:12.280] -> C2S pong
[17:45:12.309] -> C2S tick_end
[17:45:12.359] -> C2S tick_end
[17:45:12.409] -> C2S tick_end
[17:45:12.418] -> C2S pong
[17:45:12.460] -> C2S tick_end
[17:45:12.489] -> C2S pong
[17:45:12.511] -> C2S tick_end
[17:45:12.545] -> C2S pong
[17:45:12.562] -> C2S tick_end
[17:45:12.599] -> C2S pong
[17:45:12.611] -> C2S tick_end
[17:45:12.662] -> C2S tick_end
[17:45:12.699] -> C2S pong
[17:45:12.711] -> C2S tick_end
[17:45:12.762] -> C2S tick_end
[17:45:12.775] -> C2S pong
[17:45:12.812] -> C2S tick_end
[17:45:12.844] -> C2S pong
[17:45:12.844] -> C2S keep_alive
[17:45:12.861] -> C2S tick_end
[17:45:12.890] -> C2S pong
[17:45:12.912] -> C2S tick_end
[17:45:12.935] -> C2S pong
[17:45:12.964] -> C2S tick_end
[17:45:12.965] -> C2S position
[17:45:12.980] -> C2S pong
[17:45:13.014] -> C2S tick_end
[17:45:13.065] -> C2S tick_end
[17:45:13.092] -> C2S pong
[17:45:13.116] -> C2S tick_end
[17:45:13.117] -> C2S tick_end
[17:45:13.159] -> C2S pong
[17:45:13.165] -> C2S tick_end
[17:45:13.217] -> C2S tick_end
[17:45:13.238] -> C2S pong
[17:45:13.267] -> C2S tick_end
[17:45:13.309] -> C2S pong
[17:45:13.317] -> C2S tick_end
[17:45:13.368] -> C2S tick_end
[17:45:13.417] -> C2S tick_end
[17:45:13.464] -> C2S pong
[17:45:13.472] -> C2S tick_end
[17:45:13.479] -> C2S pong
[17:45:13.502] -> C2S pong
[17:45:13.523] -> C2S tick_end
[17:45:13.569] -> C2S pong
[17:45:13.572] -> C2S tick_end
[17:45:13.573] -> C2S look
[17:45:13.615] -> C2S pong
[17:45:13.622] -> C2S tick_end
[17:45:13.673] -> C2S tick_end
[17:45:13.679] -> C2S pong
[17:45:13.723] -> C2S tick_end
[17:45:13.744] -> C2S pong
[17:45:13.774] -> C2S tick_end
[17:45:13.787] -> C2S pong
[17:45:13.825] -> C2S tick_end
[17:45:13.833] -> C2S pong
[17:45:13.875] -> C2S tick_end
[17:45:13.888] -> C2S pong
[17:45:13.888] -> C2S keep_alive
[17:45:13.925] -> C2S tick_end
[17:45:13.939] -> C2S pong
[17:45:13.976] -> C2S tick_end
[17:45:13.976] -> C2S position
[17:45:13.988] -> C2S pong
[17:45:14.026] -> C2S tick_end
[17:45:14.026] -> C2S position
[17:45:14.035] -> C2S pong
[17:45:14.077] -> C2S tick_end
[17:45:14.077] -> C2S position
[17:45:14.089] -> C2S pong
[17:45:14.129] -> C2S tick_end
[17:45:14.129] -> C2S position
[17:45:14.130] -> C2S pong
[17:45:14.174] -> C2S pong
[17:45:14.178] -> C2S tick_end
[17:45:14.179] -> C2S position
[17:45:14.207] -> C2S pong
[17:45:14.207] -> C2S pong
[17:45:14.208] -> C2S teleport_confirm
[17:45:14.208] -> C2S position_look
[17:45:14.209] -> C2S pong
[17:45:14.209] -> C2S pong
[17:45:14.229] -> C2S tick_end
[17:45:14.230] -> C2S position_look
[17:45:14.234] -> C2S pong
[17:45:14.235] -> C2S pong
[17:45:14.279] -> C2S tick_end
[17:45:14.279] -> C2S position
[17:45:14.290] -> C2S pong
[17:45:14.330] -> C2S tick_end
[17:45:14.330] -> C2S position
[17:45:14.335] -> C2S pong
[17:45:14.380] -> C2S pong
[17:45:14.382] -> C2S tick_end
[17:45:14.382] -> C2S position
[17:45:14.411] -> C2S pong
[17:45:14.412] -> C2S pong
[17:45:14.413] -> C2S teleport_confirm
[17:45:14.413] -> C2S position_look
[17:45:14.414] -> C2S pong
[17:45:14.414] -> C2S pong
[17:45:14.432] -> C2S tick_end
[17:45:14.432] -> C2S position_look
[17:45:14.483] -> C2S tick_end
[17:45:14.483] -> C2S position
[17:45:14.484] -> C2S pong
[17:45:14.497] -> C2S pong
[17:45:14.533] -> C2S tick_end
[17:45:14.533] -> C2S position
[17:45:14.551] -> C2S pong
[17:45:14.582] -> C2S tick_end
[17:45:14.583] -> C2S position
[17:45:14.596] -> C2S pong
[17:45:14.614] -> C2S pong
[17:45:14.614] -> C2S pong
[17:45:14.615] -> C2S teleport_confirm
[17:45:14.615] -> C2S position_look
[17:45:14.616] -> C2S pong
[17:45:14.616] -> C2S pong
[17:45:14.635] -> C2S tick_end
[17:45:14.636] -> C2S position_look
[17:45:14.648] -> C2S pong
[17:45:14.685] -> C2S tick_end
[17:45:14.685] -> C2S position
[17:45:14.690] -> C2S pong
[17:45:14.735] -> C2S tick_end
[17:45:14.735] -> C2S position
[17:45:14.741] -> C2S pong
[17:45:14.781] -> C2S pong
[17:45:14.785] -> C2S tick_end
[17:45:14.786] -> C2S position
[17:45:14.817] -> C2S pong
[17:45:14.818] -> C2S pong
[17:45:14.818] -> C2S teleport_confirm
[17:45:14.819] -> C2S position_look
[17:45:14.819] -> C2S pong
[17:45:14.820] -> C2S pong
[17:45:14.829] -> C2S pong
[17:45:14.836] -> C2S tick_end
[17:45:14.837] -> C2S position_look
[17:45:14.873] -> C2S pong
[17:45:14.887] -> C2S tick_end
[17:45:14.888] -> C2S position
[17:45:14.937] -> C2S tick_end
[17:45:14.938] -> C2S position
[17:45:14.938] -> C2S pong
[17:45:14.939] -> C2S keep_alive
[17:45:14.998] -> C2S tick_end
[17:45:14.999] -> C2S position
[17:45:14.999] -> C2S pong
[17:45:15.018] -> C2S pong
[17:45:15.019] -> C2S pong
[17:45:15.020] -> C2S teleport_confirm
[17:45:15.020] -> C2S position_look
[17:45:15.021] -> C2S pong
[17:45:15.021] -> C2S pong
[17:45:15.048] -> C2S tick_end
[17:45:15.048] -> C2S position_look
[17:45:15.058] -> C2S pong
[17:45:15.099] -> C2S tick_end
[17:45:15.099] -> C2S position
[17:45:15.150] -> C2S tick_end
[17:45:15.150] -> C2S position
[17:45:15.199] -> C2S pong
[17:45:15.201] -> C2S tick_end
[17:45:15.201] -> C2S position
[17:45:15.229] -> C2S pong
[17:45:15.230] -> C2S pong
[17:45:15.231] -> C2S teleport_confirm
[17:45:15.231] -> C2S position_look
[17:45:15.232] -> C2S pong
[17:45:15.232] -> C2S pong
[17:45:15.252] -> C2S tick_end
[17:45:15.252] -> C2S position_look
[17:45:15.255] -> C2S pong
[17:45:15.302] -> C2S tick_end
[17:45:15.303] -> C2S position
[17:45:15.304] -> C2S pong
[17:45:15.352] -> C2S tick_end
[17:45:15.352] -> C2S position
[17:45:15.353] -> C2S pong
[17:45:15.401] -> C2S pong
[17:45:15.403] -> C2S tick_end
[17:45:15.403] -> C2S position
[17:45:15.453] -> C2S tick_end
[17:45:15.453] -> C2S position
[17:45:15.470] -> C2S pong
[17:45:15.478] -> C2S pong
[17:45:15.479] -> C2S pong
[17:45:15.479] -> C2S teleport_confirm
[17:45:15.479] -> C2S position_look
[17:45:15.480] -> C2S pong
[17:45:15.480] -> C2S pong
[17:45:15.503] -> C2S tick_end
[17:45:15.504] -> C2S position_look
[17:45:15.514] -> C2S pong
[17:45:15.553] -> C2S tick_end
[17:45:15.554] -> C2S position
[17:45:15.563] -> C2S pong
[17:45:15.605] -> C2S tick_end
[17:45:15.606] -> C2S position
[17:45:15.611] -> C2S pong
[17:45:15.655] -> C2S tick_end
[17:45:15.655] -> C2S position
[17:45:15.679] -> C2S pong
[17:45:15.685] -> C2S pong
[17:45:15.686] -> C2S teleport_confirm
[17:45:15.686] -> C2S position_look
[17:45:15.687] -> C2S pong
[17:45:15.687] -> C2S pong
[17:45:15.688] -> C2S pong
[17:45:15.704] -> C2S tick_end
[17:45:15.705] -> C2S position_look
[17:45:15.723] -> C2S pong
[17:45:15.756] -> C2S tick_end
[17:45:15.756] -> C2S position
[17:45:15.760] -> C2S pong
[17:45:15.806] -> C2S tick_end
[17:45:15.806] -> C2S position
[17:45:15.809] -> C2S pong
[17:45:15.856] -> C2S tick_end
[17:45:15.856] -> C2S position
[17:45:15.880] -> C2S pong
[17:45:15.887] -> C2S pong
[17:45:15.888] -> C2S teleport_confirm
[17:45:15.888] -> C2S position_look
[17:45:15.889] -> C2S pong
[17:45:15.889] -> C2S pong
[17:45:15.906] -> C2S tick_end
[17:45:15.906] -> C2S position_look
[17:45:15.930] -> C2S pong
[17:45:15.956] -> C2S tick_end
[17:45:15.957] -> C2S position
[17:45:15.973] -> C2S pong
[17:45:15.974] -> C2S keep_alive
[17:45:16.006] -> C2S tick_end
[17:45:16.006] -> C2S position
[17:45:16.038] -> C2S pong
[17:45:16.058] -> C2S tick_end
[17:45:16.058] -> C2S position
[17:45:16.087] -> C2S pong
[17:45:16.088] -> C2S pong
[17:45:16.089] -> C2S teleport_confirm
[17:45:16.089] -> C2S position_look
[17:45:16.090] -> C2S pong
[17:45:16.090] -> C2S pong
[17:45:16.094] -> C2S pong
[17:45:16.108] -> C2S tick_end
[17:45:16.108] -> C2S position_look
[17:45:16.159] -> C2S tick_end
[17:45:16.159] -> C2S position
[17:45:16.171] -> C2S pong
[17:45:16.209] -> C2S tick_end
[17:45:16.209] -> C2S position
[17:45:16.221] -> C2S pong
[17:45:16.259] -> C2S tick_end
[17:45:16.259] -> C2S position
[17:45:16.275] -> C2S pong
[17:45:16.293] -> C2S pong
[17:45:16.294] -> C2S pong
[17:45:16.294] -> C2S teleport_confirm
[17:45:16.295] -> C2S position_look
[17:45:16.296] -> C2S pong
[17:45:16.296] -> C2S pong
[17:45:16.309] -> C2S tick_end
[17:45:16.309] -> C2S position_look
[17:45:16.321] -> C2S pong
[17:45:16.361] -> C2S tick_end
[17:45:16.361] -> C2S position
[17:45:16.411] -> C2S tick_end
[17:45:16.412] -> C2S position
[17:45:16.429] -> C2S pong
[17:45:16.438] -> C2S pong
[17:45:16.462] -> C2S tick_end
[17:45:16.463] -> C2S position
[17:45:16.489] -> C2S pong
[17:45:16.490] -> C2S pong
[17:45:16.490] -> C2S teleport_confirm
[17:45:16.491] -> C2S position_look
[17:45:16.491] -> C2S pong
[17:45:16.492] -> C2S pong
[17:45:16.514] -> C2S tick_end
[17:45:16.515] -> C2S position_look
[17:45:16.530] -> C2S pong
[17:45:16.565] -> C2S tick_end
[17:45:16.566] -> C2S position
[17:45:16.617] -> C2S tick_end
[17:45:16.617] -> C2S position
[17:45:16.618] -> C2S tick_end
[17:45:16.619] -> C2S position
[17:45:16.654] -> C2S pong
[17:45:16.654] -> C2S pong
[17:45:16.667] -> C2S tick_end
[17:45:16.668] -> C2S position
[17:45:16.695] -> C2S pong
[17:45:16.696] -> C2S pong
[17:45:16.696] -> C2S teleport_confirm
[17:45:16.697] -> C2S position_look
[17:45:16.697] -> C2S pong
[17:45:16.698] -> C2S pong
[17:45:16.717] -> C2S tick_end
[17:45:16.717] -> C2S position_look
[17:45:16.718] -> C2S pong
[17:45:16.769] -> C2S tick_end
[17:45:16.769] -> C2S position
[17:45:16.787] -> C2S pong
[17:45:16.819] -> C2S tick_end
[17:45:16.819] -> C2S position
[17:45:16.868] -> C2S tick_end
[17:45:16.869] -> C2S position
[17:45:16.871] -> C2S pong
[17:45:16.899] -> C2S pong
[17:45:16.900] -> C2S pong
[17:45:16.901] -> C2S teleport_confirm
[17:45:16.901] -> C2S position_look
[17:45:16.902] -> C2S pong
[17:45:16.903] -> C2S pong
[17:45:16.920] -> C2S tick_end
[17:45:16.921] -> C2S position_look
[17:45:16.930] -> C2S pong
[17:45:16.970] -> C2S tick_end
[17:45:16.970] -> C2S position
[17:45:17.009] -> C2S pong
[17:45:17.010] -> C2S keep_alive
[17:45:17.020] -> C2S tick_end
[17:45:17.021] -> C2S position
[17:45:17.070] -> C2S tick_end
[17:45:17.070] -> C2S position
[17:45:17.102] -> C2S pong
[17:45:17.103] -> C2S pong
[17:45:17.104] -> C2S pong
[17:45:17.104] -> C2S teleport_confirm
[17:45:17.104] -> C2S position_look
[17:45:17.105] -> C2S pong
[17:45:17.105] -> C2S pong
[17:45:17.122] -> C2S tick_end
[17:45:17.123] -> C2S look
[17:45:17.157] -> C2S pong
[17:45:17.157] -> C2S pong
[17:45:17.173] -> C2S tick_end
[17:45:17.174] -> C2S flying
[17:45:17.209] -> C2S pong
[17:45:17.224] -> C2S tick_end
[17:45:17.274] -> C2S tick_end
[17:45:17.282] -> C2S pong
[17:45:17.326] -> C2S tick_end
[17:45:17.333] -> C2S pong
[17:45:17.376] -> C2S tick_end
[17:45:17.426] -> C2S tick_end
[17:45:17.451] -> C2S pong
[17:45:17.468] -> C2S pong
[17:45:17.480] -> C2S tick_end
[17:45:17.531] -> C2S tick_end
[17:45:17.531] -> C2S pong
[17:45:17.581] -> C2S tick_end
[17:45:17.614] -> C2S pong
[17:45:17.631] -> C2S tick_end
[17:45:17.665] -> C2S pong
[17:45:17.680] -> C2S tick_end
[17:45:17.731] -> C2S tick_end
[17:45:17.733] -> C2S pong
[17:45:17.780] -> C2S pong
[17:45:17.782] -> C2S tick_end
[17:45:17.832] -> C2S tick_end
[17:45:17.883] -> C2S tick_end
[17:45:17.934] -> C2S tick_end
[17:45:17.965] -> C2S pong
[17:45:17.966] -> C2S teleport_confirm
[17:45:17.966] -> C2S position_look
[17:45:17.967] -> C2S pong
[17:45:17.968] -> C2S pong
[17:45:17.984] -> C2S tick_end
[17:45:17.984] -> C2S look
[17:45:18.035] -> C2S tick_end
[17:45:18.035] -> C2S flying
[17:45:18.085] -> C2S tick_end
[17:45:18.085] -> C2S position
[17:45:18.126] -> C2S pong
[17:45:18.136] -> C2S tick_end
[17:45:18.165] -> C2S pong
[17:45:18.166] -> C2S pong
[17:45:18.167] -> C2S teleport_confirm
[17:45:18.167] -> C2S position_look
[17:45:18.168] -> C2S pong
[17:45:18.168] -> C2S pong
[17:45:18.178] -> C2S pong
[17:45:18.178] -> C2S keep_alive
[17:45:18.186] -> C2S tick_end
[17:45:18.186] -> C2S look
[17:45:18.237] -> C2S tick_end
[17:45:18.237] -> C2S flying
[17:45:18.287] -> C2S tick_end
[17:45:18.293] -> C2S pong
[17:45:18.337] -> C2S tick_end
[17:45:18.367] -> C2S pong
[17:45:18.368] -> C2S pong
[17:45:18.368] -> C2S pong
[17:45:18.369] -> C2S teleport_confirm
[17:45:18.369] -> C2S position_look
[17:45:18.370] -> C2S pong
[17:45:18.370] -> C2S pong
[17:45:18.388] -> C2S tick_end
[17:45:18.388] -> C2S look
[17:45:18.389] -> C2S pong
[17:45:18.438] -> C2S tick_end
[17:45:18.439] -> C2S flying
[17:45:18.462] -> C2S pong
[17:45:18.489] -> C2S tick_end
[17:45:18.506] -> C2S pong
[17:45:18.539] -> C2S tick_end
[17:45:18.558] -> C2S pong
[17:45:18.570] -> C2S pong
[17:45:18.571] -> C2S teleport_confirm
[17:45:18.571] -> C2S position_look
[17:45:18.572] -> C2S pong
[17:45:18.572] -> C2S pong
[17:45:18.589] -> C2S tick_end
[17:45:18.589] -> C2S look
[17:45:18.622] -> C2S pong
[17:45:18.622] -> C2S pong
[17:45:18.639] -> C2S tick_end
[17:45:18.640] -> C2S flying
[17:45:18.667] -> C2S pong
[17:45:18.690] -> C2S tick_end
[17:45:18.720] -> C2S pong
[17:45:18.741] -> C2S tick_end
[17:45:18.767] -> C2S pong
[17:45:18.780] -> C2S pong
[17:45:18.780] -> C2S teleport_confirm
[17:45:18.781] -> C2S position_look
[17:45:18.781] -> C2S pong
[17:45:18.782] -> C2S pong
[17:45:18.792] -> C2S tick_end
[17:45:18.792] -> C2S look
[17:45:18.822] -> C2S pong
[17:45:18.823] -> C2S pong
[17:45:18.842] -> C2S tick_end
[17:45:18.842] -> C2S flying
[17:45:18.881] -> C2S pong
[17:45:18.892] -> C2S tick_end
[17:45:18.928] -> C2S pong
[17:45:18.942] -> C2S tick_end
[17:45:18.975] -> C2S pong
[17:45:18.975] -> C2S pong
[17:45:18.976] -> C2S teleport_confirm
[17:45:18.976] -> C2S position_look
[17:45:18.977] -> C2S pong
[17:45:18.977] -> C2S pong
[17:45:18.993] -> C2S tick_end
[17:45:18.993] -> C2S look
[17:45:19.002] -> C2S pong
[17:45:19.043] -> C2S tick_end
[17:45:19.043] -> C2S flying
[17:45:19.056] -> C2S pong
[17:45:19.093] -> C2S tick_end
[17:45:19.093] -> C2S position
[17:45:19.118] -> C2S pong
[17:45:19.144] -> C2S tick_end
[17:45:19.174] -> C2S pong
[17:45:19.175] -> C2S pong
[17:45:19.175] -> C2S teleport_confirm
[17:45:19.176] -> C2S position_look
[17:45:19.177] -> C2S pong
[17:45:19.177] -> C2S pong
[17:45:19.194] -> C2S tick_end
[17:45:19.194] -> C2S look
[17:45:19.204] -> C2S pong
[17:45:19.204] -> C2S keep_alive
[17:45:19.244] -> C2S tick_end
[17:45:19.244] -> C2S flying
[17:45:19.270] -> C2S pong
[17:45:19.294] -> C2S tick_end
[17:45:19.337] -> C2S pong
[17:45:19.347] -> C2S tick_end
[17:45:19.375] -> C2S pong
[17:45:19.376] -> C2S pong
[17:45:19.376] -> C2S teleport_confirm
[17:45:19.377] -> C2S position_look
[17:45:19.378] -> C2S pong
[17:45:19.378] -> C2S pong
[17:45:19.398] -> C2S tick_end
[17:45:19.398] -> C2S look
[17:45:19.405] -> C2S pong
[17:45:19.449] -> C2S tick_end
[17:45:19.449] -> C2S flying
[17:45:19.499] -> C2S tick_end
[17:45:19.533] -> C2S pong
[17:45:19.542] -> C2S pong
[17:45:19.551] -> C2S tick_end
[17:45:19.580] -> C2S pong
[17:45:19.580] -> C2S pong
[17:45:19.581] -> C2S teleport_confirm
[17:45:19.581] -> C2S position_look
[17:45:19.582] -> C2S pong
[17:45:19.582] -> C2S pong
[17:45:19.583] -> C2S pong
[17:45:19.602] -> C2S tick_end
[17:45:19.602] -> C2S look
[17:45:19.624] -> C2S pong
[17:45:19.652] -> C2S tick_end
[17:45:19.652] -> C2S flying
[17:45:19.662] -> C2S pong
[17:45:19.702] -> C2S tick_end
[17:45:19.709] -> C2S pong
[17:45:19.752] -> C2S tick_end
[17:45:19.762] -> C2S pong
[17:45:19.784] -> C2S pong
[17:45:19.784] -> C2S teleport_confirm
[17:45:19.785] -> C2S position_look
[17:45:19.785] -> C2S pong
[17:45:19.786] -> C2S pong
[17:45:19.802] -> C2S tick_end
[17:45:19.802] -> C2S look
[17:45:19.828] -> C2S pong
[17:45:19.829] -> C2S pong
[17:45:19.851] -> C2S pong
[17:45:19.855] -> C2S tick_end
[17:45:19.855] -> C2S flying
[17:45:19.905] -> C2S tick_end
[17:45:19.931] -> C2S pong
[17:45:19.956] -> C2S tick_end
[17:45:19.978] -> C2S pong
[17:45:19.984] -> C2S pong
[17:45:19.984] -> C2S teleport_confirm
[17:45:19.985] -> C2S position_look
[17:45:19.985] -> C2S pong
[17:45:19.985] -> C2S pong
[17:45:20.006] -> C2S tick_end
[17:45:20.007] -> C2S look
[17:45:20.037] -> C2S pong
[17:45:20.038] -> C2S pong
[17:45:20.056] -> C2S tick_end
[17:45:20.056] -> C2S flying
[17:45:20.107] -> C2S tick_end
[17:45:20.107] -> C2S position
[17:45:20.134] -> C2S pong
[17:45:20.157] -> C2S tick_end
[17:45:20.180] -> C2S pong
[17:45:20.189] -> C2S pong
[17:45:20.190] -> C2S teleport_confirm
[17:45:20.190] -> C2S position_look
[17:45:20.190] -> C2S pong
[17:45:20.191] -> C2S pong
[17:45:20.206] -> C2S tick_end
[17:45:20.207] -> C2S look
[17:45:20.228] -> C2S pong
[17:45:20.229] -> C2S pong
[17:45:20.229] -> C2S keep_alive
[17:45:20.257] -> C2S tick_end
[17:45:20.257] -> C2S flying
[17:45:20.289] -> C2S pong
[17:45:20.307] -> C2S tick_end
[17:45:20.357] -> C2S tick_end
[17:45:20.365] -> C2S pong
[17:45:20.390] -> C2S pong
[17:45:20.390] -> C2S pong
[17:45:20.390] -> C2S teleport_confirm
[17:45:20.391] -> C2S position_look
[17:45:20.391] -> C2S pong
[17:45:20.392] -> C2S pong
[17:45:20.407] -> C2S tick_end
[17:45:20.408] -> C2S look
[17:45:20.447] -> C2S pong
[17:45:20.458] -> C2S tick_end
[17:45:20.459] -> C2S flying
[17:45:20.465] -> C2S pong
[17:45:20.509] -> C2S tick_end
[17:45:20.517] -> C2S pong
[17:45:20.557] -> C2S pong
[17:45:20.558] -> C2S tick_end
[17:45:20.589] -> C2S pong
[17:45:20.590] -> C2S teleport_confirm
[17:45:20.590] -> C2S position_look
[17:45:20.591] -> C2S pong
[17:45:20.591] -> C2S pong
[17:45:20.609] -> C2S tick_end
[17:45:20.609] -> C2S look
[17:45:20.660] -> C2S tick_end
[17:45:20.660] -> C2S flying
[17:45:20.683] -> C2S pong
[17:45:20.684] -> C2S pong
[17:45:20.711] -> C2S tick_end
[17:45:20.742] -> C2S pong
[17:45:20.761] -> C2S tick_end
[17:45:20.793] -> C2S pong
[17:45:20.793] -> C2S pong
[17:45:20.794] -> C2S teleport_confirm
[17:45:20.794] -> C2S position_look
[17:45:20.795] -> C2S pong
[17:45:20.795] -> C2S pong
[17:45:20.796] -> C2S pong
[17:45:20.812] -> C2S tick_end
[17:45:20.812] -> C2S look
[17:45:20.852] -> C2S pong
[17:45:20.863] -> C2S tick_end
[17:45:20.863] -> C2S flying
[17:45:20.904] -> C2S pong
[17:45:20.915] -> C2S tick_end
[17:45:20.953] -> C2S pong
[17:45:20.966] -> C2S tick_end
[17:45:20.967] -> C2S tick_end
[17:45:21.003] -> C2S pong
[17:45:21.016] -> C2S tick_end
[17:45:21.063] -> C2S pong
[17:45:21.066] -> C2S tick_end
[17:45:21.114] -> C2S pong
[17:45:21.162] -> C2S pong
[17:45:21.165] -> C2S tick_end
[17:45:21.166] -> C2S position
[17:45:21.167] -> C2S tick_end
[17:45:21.217] -> C2S tick_end
[17:45:21.242] -> C2S pong
[17:45:21.242] -> C2S keep_alive
[17:45:21.268] -> C2S tick_end
[17:45:21.320] -> C2S tick_end
[17:45:21.372] -> C2S tick_end
[17:45:21.382] -> C2S pong
[17:45:21.423] -> C2S tick_end
[17:45:21.428] -> C2S pong
[17:45:21.428] -> C2S pong
[17:45:21.475] -> C2S tick_end
[17:45:21.511] -> C2S pong
[17:45:21.525] -> C2S tick_end
[17:45:21.548] -> C2S pong
[17:45:21.575] -> C2S tick_end
[17:45:21.604] -> C2S pong
[17:45:21.625] -> C2S tick_end
[17:45:21.647] -> C2S pong
[17:45:21.675] -> C2S tick_end
[17:45:21.699] -> C2S pong
[17:45:21.725] -> C2S tick_end
[17:45:21.755] -> C2S pong
[17:45:21.776] -> C2S tick_end
[17:45:21.799] -> C2S pong
[17:45:21.828] -> C2S tick_end
[17:45:21.850] -> C2S pong
[17:45:21.878] -> C2S tick_end
[17:45:21.892] -> C2S pong
[17:45:21.928] -> C2S tick_end
[17:45:21.929] -> C2S pong
[17:45:21.975] -> C2S pong
[17:45:21.977] -> C2S tick_end
[17:45:21.994] -> C2S pong
[17:45:21.995] -> C2S pong
[17:45:21.995] -> C2S teleport_confirm
[17:45:21.996] -> C2S position_look
[17:45:21.996] -> C2S pong
[17:45:21.997] -> C2S pong
[17:45:22.027] -> C2S pong
[17:45:22.029] -> C2S tick_end
[17:45:22.029] -> C2S look
[17:45:22.075] -> C2S pong
[17:45:22.078] -> C2S tick_end
[17:45:22.079] -> C2S flying
[17:45:22.118] -> C2S pong
[17:45:22.129] -> C2S tick_end
[17:45:22.157] -> C2S pong
[17:45:22.178] -> C2S tick_end
[17:45:22.179] -> C2S position
[17:45:22.199] -> C2S pong
[17:45:22.199] -> C2S pong
[17:45:22.200] -> C2S teleport_confirm
[17:45:22.200] -> C2S position_look
[17:45:22.201] -> C2S pong
[17:45:22.201] -> C2S pong
[17:45:22.206] -> C2S pong
[17:45:22.230] -> C2S tick_end
[17:45:22.230] -> C2S look
[17:45:22.279] -> C2S tick_end
[17:45:22.280] -> C2S flying
[17:45:22.321] -> C2S pong
[17:45:22.321] -> C2S keep_alive
[17:45:22.329] -> C2S tick_end
[17:45:22.380] -> C2S tick_end
[17:45:22.409] -> C2S pong
[17:45:22.410] -> C2S pong
[17:45:22.410] -> C2S teleport_confirm
[17:45:22.410] -> C2S position_look
[17:45:22.411] -> C2S pong
[17:45:22.411] -> C2S pong
[17:45:22.431] -> C2S tick_end
[17:45:22.431] -> C2S look
[17:45:22.467] -> C2S pong
[17:45:22.481] -> C2S tick_end
[17:45:22.481] -> C2S flying
[17:45:22.532] -> C2S tick_end
[17:45:22.538] -> C2S pong
[17:45:22.582] -> C2S tick_end
[17:45:22.605] -> C2S pong
[17:45:22.606] -> C2S pong
[17:45:22.607] -> C2S teleport_confirm
[17:45:22.607] -> C2S position_look
[17:45:22.608] -> C2S pong
[17:45:22.608] -> C2S pong
[17:45:22.611] -> C2S pong
[17:45:22.632] -> C2S tick_end
[17:45:22.633] -> C2S look
[17:45:22.682] -> C2S pong
[17:45:22.684] -> C2S tick_end
[17:45:22.684] -> C2S flying
[17:45:22.734] -> C2S tick_end
[17:45:22.745] -> C2S pong
[17:45:22.784] -> C2S tick_end
[17:45:22.809] -> C2S pong
[17:45:22.810] -> C2S pong
[17:45:22.810] -> C2S teleport_confirm
[17:45:22.811] -> C2S position_look
[17:45:22.811] -> C2S pong
[17:45:22.811] -> C2S pong
[17:45:22.820] -> C2S pong
[17:45:22.834] -> C2S tick_end
[17:45:22.834] -> C2S look
[17:45:22.884] -> C2S tick_end
[17:45:22.884] -> C2S flying
[17:45:22.894] -> C2S pong
[17:45:22.934] -> C2S tick_end
[17:45:22.942] -> C2S pong
[17:45:22.985] -> C2S tick_end
[17:45:23.010] -> C2S pong
[17:45:23.011] -> C2S pong
[17:45:23.011] -> C2S teleport_confirm
[17:45:23.012] -> C2S position_look
[17:45:23.012] -> C2S pong
[17:45:23.012] -> C2S pong
[17:45:23.013] -> C2S pong
[17:45:23.035] -> C2S tick_end
[17:45:23.036] -> C2S look
[17:45:23.084] -> C2S tick_end
[17:45:23.085] -> C2S flying
[17:45:23.092] -> C2S pong
[17:45:23.134] -> C2S tick_end
[17:45:23.181] -> C2S pong
[17:45:23.181] -> C2S pong
[17:45:23.185] -> C2S tick_end
[17:45:23.185] -> C2S position
[17:45:23.212] -> C2S pong
[17:45:23.213] -> C2S pong
[17:45:23.213] -> C2S teleport_confirm
[17:45:23.214] -> C2S position_look
[17:45:23.214] -> C2S pong
[17:45:23.214] -> C2S pong
[17:45:23.235] -> C2S tick_end
[17:45:23.235] -> C2S look
[17:45:23.259] -> C2S pong
[17:45:23.285] -> C2S tick_end
[17:45:23.285] -> C2S flying
[17:45:23.335] -> C2S tick_end
[17:45:23.345] -> C2S pong
[17:45:23.346] -> C2S keep_alive
[17:45:23.386] -> C2S tick_end
[17:45:23.436] -> C2S tick_end
[17:45:23.473] -> C2S pong
[17:45:23.481] -> C2S pong
[17:45:23.482] -> C2S pong
[17:45:23.482] -> C2S teleport_confirm
[17:45:23.483] -> C2S position_look
[17:45:23.484] -> C2S pong
[17:45:23.484] -> C2S pong
[17:45:23.486] -> C2S tick_end
[17:45:23.487] -> C2S look
[17:45:23.505] -> C2S pong
[17:45:23.536] -> C2S tick_end
[17:45:23.537] -> C2S flying
[17:45:23.579] -> C2S pong
[17:45:23.586] -> C2S tick_end
[17:45:23.638] -> C2S tick_end
[17:45:23.639] -> C2S pong
[17:45:23.665] -> C2S pong
[17:45:23.666] -> C2S pong
[17:45:23.667] -> C2S teleport_confirm
[17:45:23.667] -> C2S position_look
[17:45:23.668] -> C2S pong
[17:45:23.668] -> C2S pong
[17:45:23.688] -> C2S tick_end
[17:45:23.688] -> C2S look
[17:45:23.705] -> C2S pong
[17:45:23.738] -> C2S tick_end
[17:45:23.738] -> C2S flying
[17:45:23.788] -> C2S tick_end
[17:45:23.804] -> C2S pong
[17:45:23.805] -> C2S pong
[17:45:23.840] -> C2S tick_end
[17:45:23.849] -> C2S pong
[17:45:23.868] -> C2S pong
[17:45:23.868] -> C2S pong
[17:45:23.869] -> C2S teleport_confirm
[17:45:23.869] -> C2S position_look
[17:45:23.870] -> C2S pong
[17:45:23.870] -> C2S pong
[17:45:23.890] -> C2S tick_end
[17:45:23.891] -> C2S look
[17:45:23.893] -> C2S pong
[17:45:23.941] -> C2S tick_end
[17:45:23.941] -> C2S flying
[17:45:23.991] -> C2S tick_end
[17:45:23.996] -> C2S pong
[17:45:24.041] -> C2S tick_end
[17:45:24.056] -> C2S pong
[17:45:24.069] -> C2S pong
[17:45:24.070] -> C2S pong
[17:45:24.070] -> C2S teleport_confirm
[17:45:24.071] -> C2S position_look
[17:45:24.071] -> C2S pong
[17:45:24.071] -> C2S pong
[17:45:24.093] -> C2S tick_end
[17:45:24.094] -> C2S look
[17:45:24.094] -> C2S pong
[17:45:24.143] -> C2S tick_end
[17:45:24.144] -> C2S flying
[17:45:24.167] -> C2S pong
[17:45:24.193] -> C2S tick_end
[17:45:24.193] -> C2S position
[17:45:24.237] -> C2S pong
[17:45:24.243] -> C2S tick_end
[17:45:24.272] -> C2S pong
[17:45:24.272] -> C2S pong
[17:45:24.273] -> C2S teleport_confirm
[17:45:24.273] -> C2S position_look
[17:45:24.274] -> C2S pong
[17:45:24.274] -> C2S pong
[17:45:24.291] -> C2S pong
[17:45:24.293] -> C2S tick_end
[17:45:24.293] -> C2S look
[17:45:24.345] -> C2S tick_end
[17:45:24.346] -> C2S flying
[17:45:24.370] -> C2S pong
[17:45:24.371] -> C2S keep_alive
[17:45:24.398] -> C2S tick_end
[17:45:24.448] -> C2S tick_end
[17:45:24.490] -> C2S pong
[17:45:24.497] -> C2S tick_end
[17:45:24.500] -> C2S pong
[17:45:24.501] -> C2S pong
[17:45:24.501] -> C2S teleport_confirm
[17:45:24.501] -> C2S position_look
[17:45:24.502] -> C2S pong
[17:45:24.503] -> C2S pong
[17:45:24.513] -> C2S pong
[17:45:24.548] -> C2S tick_end
[17:45:24.548] -> C2S look
[17:45:24.599] -> C2S tick_end
[17:45:24.600] -> C2S flying
[17:45:24.645] -> C2S pong
[17:45:24.649] -> C2S tick_end
[17:45:24.700] -> C2S tick_end
[17:45:24.728] -> C2S pong
[17:45:24.730] -> C2S pong
[17:45:24.730] -> C2S teleport_confirm
[17:45:24.731] -> C2S position_look
[17:45:24.731] -> C2S pong
[17:45:24.732] -> C2S pong
[17:45:24.743] -> C2S pong
[17:45:24.750] -> C2S tick_end
[17:45:24.751] -> C2S look
[17:45:24.801] -> C2S tick_end
[17:45:24.801] -> C2S flying
[17:45:24.834] -> C2S pong
[17:45:24.851] -> C2S tick_end
[17:45:24.901] -> C2S tick_end
[17:45:24.911] -> C2S pong
[17:45:24.928] -> C2S pong
[17:45:24.928] -> C2S teleport_confirm
[17:45:24.929] -> C2S position_look
[17:45:24.929] -> C2S pong
[17:45:24.930] -> C2S pong
[17:45:24.951] -> C2S tick_end
[17:45:24.951] -> C2S look
[17:45:24.997] -> C2S pong
[17:45:24.998] -> C2S pong
[17:45:25.002] -> C2S tick_end
[17:45:25.002] -> C2S flying
[17:45:25.053] -> C2S tick_end
[17:45:25.105] -> C2S tick_end
[17:45:25.115] -> C2S pong
[17:45:25.116] -> C2S pong
[17:45:25.156] -> C2S tick_end
[17:45:25.195] -> C2S pong
[17:45:25.207] -> C2S tick_end
[17:45:25.207] -> C2S position
[17:45:25.243] -> C2S pong
[17:45:25.257] -> C2S tick_end
[17:45:25.285] -> C2S pong
[17:45:25.308] -> C2S tick_end
[17:45:25.352] -> C2S pong
[17:45:25.359] -> C2S tick_end
[17:45:25.405] -> C2S pong
[17:45:25.406] -> C2S keep_alive
[17:45:25.408] -> C2S tick_end
[17:45:25.460] -> C2S tick_end
[17:45:25.511] -> C2S tick_end
[17:45:25.557] -> C2S pong
[17:45:25.561] -> C2S tick_end
[17:45:25.588] -> C2S pong
[17:45:25.611] -> C2S tick_end
[17:45:25.661] -> C2S tick_end
[17:45:25.682] -> C2S pong
[17:45:25.711] -> C2S tick_end
[17:45:25.761] -> C2S tick_end
[17:45:25.775] -> C2S pong
[17:45:25.811] -> C2S tick_end
[17:45:25.861] -> C2S tick_end
[17:45:25.870] -> C2S pong
[17:45:25.870] -> C2S pong
[17:45:25.911] -> C2S tick_end
[17:45:25.930] -> C2S pong
[17:45:25.962] -> C2S tick_end
[17:45:25.979] -> C2S pong
